// Jest Snapshot v1, https://goo.gl/fbAQLP

exports[`babel-preset-kohlmannj loads @babel/preset-typescript 1`] = `
Object {
  "plugins": Array [
    "@babel/plugin-proposal-class-properties",
    "@babel/plugin-proposal-object-rest-spread",
    Array [
      "@babel/plugin-proposal-decorators",
      Object {
        "legacy": true,
      },
    ],
    "@babel/plugin-proposal-export-namespace-from",
    "@babel/plugin-proposal-function-sent",
    "@babel/plugin-proposal-json-strings",
    "@babel/plugin-proposal-numeric-separator",
    "@babel/plugin-proposal-throw-expressions",
    "@babel/plugin-syntax-dynamic-import",
    "@babel/plugin-syntax-import-meta",
  ],
  "presets": Array [
    Array [
      "@babel/preset-env",
      Object {
        "debug": false,
        "modules": false,
        "useBuiltIns": "entry",
      },
    ],
    "@babel/preset-typescript",
  ],
}
`;
